// Jest Snapshot v1, https://goo.gl/fbAQLP

exports[`TransactionForm Component matches snapshot when closed 1`] = `<DocumentFragment />`;

exports[`TransactionForm Component matches snapshot when open 1`] = `<DocumentFragment />`;
